.next/dev/types/validator.ts(204,39): error TS2306: File 'D:/AI_Projects/TheKnowledgeOrbits/frontend/src/app/notebook/new/page.tsx' is not a module.
src/components/bookmarks/BookmarkCard.tsx(10,34): error TS2306: File 'D:/AI_Projects/TheKnowledgeOrbits/frontend/src/components/bookmarks/RemoveBookmarkDialog.tsx' is not a module.
src/components/notebook/ArticleCard.tsx(10,33): error TS2306: File 'D:/AI_Projects/TheKnowledgeOrbits/frontend/src/components/notebook/DeleteArticleDialog.tsx' is not a module.
